localhost:80 192.168.208.1 - - [09/Jul/2020:15:18:28 +0000] "GET /public/sesevent_event/0c/03/ab755850606ab835866e04387a613781.jpeg HTTP/1.1" 304 245 "http://www.dandoenwedat.com/events/home" "Mozilla/5.0 (Windows NT 10.0; Win64; x64; rv:78.0) Gecko/20100101 Firefox/78.0"
localhost:80 192.168.208.1 - - [09/Jul/2020:15:18:28 +0000] "GET /application/modules/Sesbasic/externals/images/grid-white.png?c=75 HTTP/1.1" 304 244 "http://www.dandoenwedat.com/application/css.php?request=application%2Fthemes%2Fserenity%2Ftheme.css&c=75&pageStart=0&pageEnd=269956" "Mozilla/5.0 (Windows NT 10.0; Win64; x64; rv:78.0) Gecko/20100101 Firefox/78.0"
localhost:80 192.168.208.1 - - [09/Jul/2020:15:18:28 +0000] "GET /application/modules/Sesbasic/externals/images/list.png?c=75 HTTP/1.1" 304 243 "http://www.dandoenwedat.com/application/css.php?request=application%2Fthemes%2Fserenity%2Ftheme.css&c=75&pageStart=0&pageEnd=269956" "Mozilla/5.0 (Windows NT 10.0; Win64; x64; rv:78.0) Gecko/20100101 Firefox/78.0"
localhost:80 192.168.208.1 - - [09/Jul/2020:15:18:28 +0000] "GET /application/modules/Sesbasic/externals/images/a-grid.png?c=75 HTTP/1.1" 304 243 "http://www.dandoenwedat.com/application/css.php?request=application%2Fthemes%2Fserenity%2Ftheme.css&c=75&pageStart=0&pageEnd=269956" "Mozilla/5.0 (Windows NT 10.0; Win64; x64; rv:78.0) Gecko/20100101 Firefox/78.0"
localhost:80 192.168.208.1 - - [09/Jul/2020:15:18:28 +0000] "GET /application/modules/Sesbasic/externals/images/board.png?c=75 HTTP/1.1" 304 244 "http://www.dandoenwedat.com/application/css.php?request=application%2Fthemes%2Fserenity%2Ftheme.css&c=75&pageStart=0&pageEnd=269956" "Mozilla/5.0 (Windows NT 10.0; Win64; x64; rv:78.0) Gecko/20100101 Firefox/78.0"
localhost:80 192.168.208.1 - - [09/Jul/2020:15:18:28 +0000] "GET /application/modules/Sesbasic/externals/images/map.png?c=75 HTTP/1.1" 304 244 "http://www.dandoenwedat.com/application/css.php?request=application%2Fthemes%2Fserenity%2Ftheme.css&c=75&pageStart=0&pageEnd=269956" "Mozilla/5.0 (Windows NT 10.0; Win64; x64; rv:78.0) Gecko/20100101 Firefox/78.0"
localhost:80 192.168.208.1 - - [09/Jul/2020:15:18:28 +0000] "POST /activity/notifications/update HTTP/1.1" 200 452 "http://www.dandoenwedat.com/events/home" "Mozilla/5.0 (Windows NT 10.0; Win64; x64; rv:78.0) Gecko/20100101 Firefox/78.0"
localhost:80 127.0.0.1 - - [09/Jul/2020:15:18:34 +0000] "OPTIONS * HTTP/1.0" 200 126 "-" "Apache/2.4.38 (Debian) PHP/7.4.7 (internal dummy connection)"
localhost:80 127.0.0.1 - - [09/Jul/2020:15:18:35 +0000] "OPTIONS * HTTP/1.0" 200 126 "-" "Apache/2.4.38 (Debian) PHP/7.4.7 (internal dummy connection)"
localhost:80 127.0.0.1 - - [09/Jul/2020:15:18:36 +0000] "OPTIONS * HTTP/1.0" 200 126 "-" "Apache/2.4.38 (Debian) PHP/7.4.7 (internal dummy connection)"
localhost:80 192.168.208.1 - - [09/Jul/2020:15:18:37 +0000] "GET /events/manage HTTP/1.1" 200 36426 "http://www.dandoenwedat.com/events/home" "Mozilla/5.0 (Windows NT 10.0; Win64; x64; rv:78.0) Gecko/20100101 Firefox/78.0"
localhost:80 192.168.208.1 - - [09/Jul/2020:15:18:51 +0000] "GET /externals/font-awesome/css/all.min.css?c=75 HTTP/1.1" 200 12763 "http://www.dandoenwedat.com/events/manage" "Mozilla/5.0 (Windows NT 10.0; Win64; x64; rv:78.0) Gecko/20100101 Firefox/78.0"
localhost:80 192.168.208.1 - - [09/Jul/2020:15:18:51 +0000] "GET /application/css.php?request=application/themes/serenity/theme.css&c=75 HTTP/1.1" 200 4001 "http://www.dandoenwedat.com/events/manage" "Mozilla/5.0 (Windows NT 10.0; Win64; x64; rv:78.0) Gecko/20100101 Firefox/78.0"
localhost:80 192.168.208.1 - - [09/Jul/2020:15:18:52 +0000] "POST /activity/notifications/update HTTP/1.1" 200 453 "http://www.dandoenwedat.com/events/manage" "Mozilla/5.0 (Windows NT 10.0; Win64; x64; rv:78.0) Gecko/20100101 Firefox/78.0"
localhost:80 127.0.0.1 - - [09/Jul/2020:15:19:03 +0000] "OPTIONS * HTTP/1.0" 200 126 "-" "Apache/2.4.38 (Debian) PHP/7.4.7 (internal dummy connection)"
localhost:80 192.168.208.1 - - [09/Jul/2020:15:19:13 +0000] "POST /sesbasic/tooltip/index/guid/sesevent_event_11 HTTP/1.1" 200 1635 "http://www.dandoenwedat.com/events/manage" "Mozilla/5.0 (Windows NT 10.0; Win64; x64; rv:78.0) Gecko/20100101 Firefox/78.0"
localhost:80 192.168.208.1 - - [09/Jul/2020:15:19:13 +0000] "POST /sesbasic/tooltip/index/guid/sesevent_event_11 HTTP/1.1" 200 1635 "http://www.dandoenwedat.com/events/manage" "Mozilla/5.0 (Windows NT 10.0; Win64; x64; rv:78.0) Gecko/20100101 Firefox/78.0"
localhost:80 192.168.208.1 - - [09/Jul/2020:15:19:42 +0000] "GET /externals/font-awesome/css/all.min.css?c=75 HTTP/1.1" 200 12763 "-" "Mozilla/5.0 (Windows NT 10.0; Win64; x64; rv:78.0) Gecko/20100101 Firefox/78.0"
localhost:80 192.168.208.1 - - [09/Jul/2020:15:19:41 +0000] "GET /application/css.php?request=application%2Fthemes%2Fserenity%2Ftheme.css&c=75&pageStart=0&pageEnd=269956 HTTP/1.1" 200 45026 "-" "Mozilla/5.0 (Windows NT 10.0; Win64; x64; rv:78.0) Gecko/20100101 Firefox/78.0"
localhost:80 192.168.208.1 - - [09/Jul/2020:15:19:57 +0000] "POST /sesbasic/tooltip/index/guid/sesevent_event_10 HTTP/1.1" 200 1560 "http://www.dandoenwedat.com/events/manage" "Mozilla/5.0 (Windows NT 10.0; Win64; x64; rv:78.0) Gecko/20100101 Firefox/78.0"
localhost:80 192.168.208.1 - - [09/Jul/2020:15:19:57 +0000] "POST /sesbasic/tooltip/index/guid/sesevent_event_10 HTTP/1.1" 200 1560 "http://www.dandoenwedat.com/events/manage" "Mozilla/5.0 (Windows NT 10.0; Win64; x64; rv:78.0) Gecko/20100101 Firefox/78.0"
localhost:80 127.0.0.1 - - [09/Jul/2020:15:20:30 +0000] "GET /utility/tasks?notrigger=1&key=7978abcd&pid=1403124409 HTTP/1.1" 200 587 "-" "-"
localhost:80 192.168.208.1 - - [09/Jul/2020:15:20:16 +0000] "GET /profile/administrator HTTP/1.1" 200 27234 "http://www.dandoenwedat.com/events/manage" "Mozilla/5.0 (Windows NT 10.0; Win64; x64; rv:78.0) Gecko/20100101 Firefox/78.0"
localhost:80 192.168.208.1 - - [09/Jul/2020:15:20:43 +0000] "POST /activity/notifications/update HTTP/1.1" 200 452 "http://www.dandoenwedat.com/profile/administrator" "Mozilla/5.0 (Windows NT 10.0; Win64; x64; rv:78.0) Gecko/20100101 Firefox/78.0"
localhost:80 192.168.208.1 - - [09/Jul/2020:15:20:43 +0000] "GET /user/coverphoto/get-cover-photo/user_id/1/photoType/cover/uploadDefaultCover/0/level_id/0?format=html&subject=user_1 HTTP/1.1" 200 1007 "http://www.dandoenwedat.com/profile/administrator" "Mozilla/5.0 (Windows NT 10.0; Win64; x64; rv:78.0) Gecko/20100101 Firefox/78.0"
localhost:80 192.168.208.1 - - [09/Jul/2020:15:20:43 +0000] "GET /user/coverphoto/get-main-photo/user_id/1/photoType/profile/uploadDefaultCover/0?format=html&subject=user_1 HTTP/1.1" 200 1142 "http://www.dandoenwedat.com/profile/administrator" "Mozilla/5.0 (Windows NT 10.0; Win64; x64; rv:78.0) Gecko/20100101 Firefox/78.0"
localhost:80 192.168.208.1 - - [09/Jul/2020:15:20:53 +0000] "GET /application/modules/Sesbasic/externals/images/board-white.png?c=75 HTTP/1.1" 200 1467 "http://www.dandoenwedat.com/application/css.php?request=application%2Fthemes%2Fserenity%2Ftheme.css&c=75&pageStart=0&pageEnd=269956" "Mozilla/5.0 (Windows NT 10.0; Win64; x64; rv:78.0) Gecko/20100101 Firefox/78.0"
localhost:80 192.168.208.1 - - [09/Jul/2020:15:20:55 +0000] "POST /sesbasic/tooltip/index/guid/sesevent_event_7 HTTP/1.1" 200 1619 "http://www.dandoenwedat.com/profile/administrator" "Mozilla/5.0 (Windows NT 10.0; Win64; x64; rv:78.0) Gecko/20100101 Firefox/78.0"
localhost:80 192.168.208.1 - - [09/Jul/2020:15:20:54 +0000] "POST /sesbasic/tooltip/index/guid/sesevent_event_7 HTTP/1.1" 200 1619 "http://www.dandoenwedat.com/profile/administrator" "Mozilla/5.0 (Windows NT 10.0; Win64; x64; rv:78.0) Gecko/20100101 Firefox/78.0"
localhost:80 192.168.208.1 - - [09/Jul/2020:15:20:54 +0000] "POST /sesbasic/tooltip/index/guid/sesevent_event_7 HTTP/1.1" 200 1618 "http://www.dandoenwedat.com/profile/administrator" "Mozilla/5.0 (Windows NT 10.0; Win64; x64; rv:78.0) Gecko/20100101 Firefox/78.0"
localhost:80 192.168.208.1 - - [09/Jul/2020:15:20:55 +0000] "POST /sesbasic/tooltip/index/guid/sesevent_event_7 HTTP/1.1" 200 1619 "http://www.dandoenwedat.com/profile/administrator" "Mozilla/5.0 (Windows NT 10.0; Win64; x64; rv:78.0) Gecko/20100101 Firefox/78.0"
localhost:80 192.168.208.1 - - [09/Jul/2020:15:20:59 +0000] "GET /events/dashboard/edit/weekend-ardennen HTTP/1.1" 200 29077 "http://www.dandoenwedat.com/profile/administrator" "Mozilla/5.0 (Windows NT 10.0; Win64; x64; rv:78.0) Gecko/20100101 Firefox/78.0"
localhost:80 192.168.208.1 - - [09/Jul/2020:15:21:10 +0000] "GET /externals/calendar/styles.css?c=75 HTTP/1.1" 200 1592 "http://www.dandoenwedat.com/events/dashboard/edit/weekend-ardennen" "Mozilla/5.0 (Windows NT 10.0; Win64; x64; rv:78.0) Gecko/20100101 Firefox/78.0"
localhost:80 192.168.208.1 - - [09/Jul/2020:15:21:10 +0000] "GET /application/modules/Sesbasic/externals/styles/dashboard.css?c=75 HTTP/1.1" 200 2103 "http://www.dandoenwedat.com/events/dashboard/edit/weekend-ardennen" "Mozilla/5.0 (Windows NT 10.0; Win64; x64; rv:78.0) Gecko/20100101 Firefox/78.0"
localhost:80 192.168.208.1 - - [09/Jul/2020:15:21:10 +0000] "GET /public/sesevent_event/8e/3407ca78c7b79825de201809a7f674b8.png HTTP/1.1" 200 5878 "http://www.dandoenwedat.com/events/dashboard/edit/weekend-ardennen" "Mozilla/5.0 (Windows NT 10.0; Win64; x64; rv:78.0) Gecko/20100101 Firefox/78.0"
localhost:80 192.168.208.1 - - [09/Jul/2020:15:21:10 +0000] "POST /sesevent/ajax/subcategory/category_id/76 HTTP/1.1" 200 406 "http://www.dandoenwedat.com/events/dashboard/edit/weekend-ardennen" "Mozilla/5.0 (Windows NT 10.0; Win64; x64; rv:78.0) Gecko/20100101 Firefox/78.0"
localhost:80 192.168.208.1 - - [09/Jul/2020:15:21:10 +0000] "POST /activity/notifications/update HTTP/1.1" 200 452 "http://www.dandoenwedat.com/events/dashboard/edit/weekend-ardennen" "Mozilla/5.0 (Windows NT 10.0; Win64; x64; rv:78.0) Gecko/20100101 Firefox/78.0"
localhost:80 127.0.0.1 - - [09/Jul/2020:15:21:46 +0000] "GET /utility/tasks?notrigger=1&key=7978abcd&pid=1233974103 HTTP/1.1" 200 587 "-" "-"
localhost:80 192.168.208.1 - - [09/Jul/2020:15:21:39 +0000] "GET /events/dashboard/create-ticket/weekend-ardennen HTTP/1.1" 200 14866 "http://www.dandoenwedat.com/events/dashboard/edit/weekend-ardennen" "Mozilla/5.0 (Windows NT 10.0; Win64; x64; rv:78.0) Gecko/20100101 Firefox/78.0"
localhost:80 192.168.208.1 - - [09/Jul/2020:15:21:52 +0000] "POST /activity/notifications/update HTTP/1.1" 200 453 "http://www.dandoenwedat.com/events/dashboard/create-ticket/weekend-ardennen" "Mozilla/5.0 (Windows NT 10.0; Win64; x64; rv:78.0) Gecko/20100101 Firefox/78.0"
localhost:80 127.0.0.1 - - [09/Jul/2020:15:23:55 +0000] "GET /utility/tasks?notrigger=1&key=7978abcd&pid=0618116603 HTTP/1.1" 200 587 "-" "-"
localhost:80 192.168.208.1 - - [09/Jul/2020:15:23:52 +0000] "POST /activity/notifications/update HTTP/1.1" 200 453 "http://www.dandoenwedat.com/events/dashboard/create-ticket/weekend-ardennen" "Mozilla/5.0 (Windows NT 10.0; Win64; x64; rv:78.0) Gecko/20100101 Firefox/78.0"
localhost:80 192.168.208.1 - - [09/Jul/2020:15:25:16 +0000] "GET /public/sesevent_event/8b/2fa3335142d5801cd242b5825c764838.png HTTP/1.1" 200 546320 "-" "Mozilla/5.0 (Windows NT 10.0; Win64; x64; rv:78.0) Gecko/20100101 Firefox/78.0"
localhost:80 192.168.208.1 - - [09/Jul/2020:15:25:17 +0000] "GET /favicon.ico HTTP/1.1" 200 1436 "-" "Mozilla/5.0 (Windows NT 10.0; Win64; x64; rv:78.0) Gecko/20100101 Firefox/78.0"
localhost:80 127.0.0.1 - - [09/Jul/2020:15:25:58 +0000] "GET /utility/tasks?notrigger=1&key=7978abcd&pid=0623377742 HTTP/1.1" 200 587 "-" "-"
localhost:80 192.168.208.1 - - [09/Jul/2020:15:25:52 +0000] "POST /activity/notifications/update HTTP/1.1" 200 453 "http://www.dandoenwedat.com/events/dashboard/create-ticket/weekend-ardennen" "Mozilla/5.0 (Windows NT 10.0; Win64; x64; rv:78.0) Gecko/20100101 Firefox/78.0"
localhost:80 127.0.0.1 - - [09/Jul/2020:15:27:56 +0000] "GET /utility/tasks?notrigger=1&key=7978abcd&pid=1877817125 HTTP/1.1" 200 587 "-" "-"
localhost:80 192.168.208.1 - - [09/Jul/2020:15:27:52 +0000] "POST /activity/notifications/update HTTP/1.1" 200 453 "http://www.dandoenwedat.com/events/dashboard/create-ticket/weekend-ardennen" "Mozilla/5.0 (Windows NT 10.0; Win64; x64; rv:78.0) Gecko/20100101 Firefox/78.0"
localhost:80 127.0.0.1 - - [09/Jul/2020:15:29:55 +0000] "GET /utility/tasks?notrigger=1&key=7978abcd&pid=1000106982 HTTP/1.1" 200 587 "-" "-"
localhost:80 192.168.208.1 - - [09/Jul/2020:15:29:52 +0000] "POST /activity/notifications/update HTTP/1.1" 200 453 "http://www.dandoenwedat.com/events/dashboard/create-ticket/weekend-ardennen" "Mozilla/5.0 (Windows NT 10.0; Win64; x64; rv:78.0) Gecko/20100101 Firefox/78.0"
localhost:80 127.0.0.1 - - [09/Jul/2020:15:31:58 +0000] "GET /utility/tasks?notrigger=1&key=7978abcd&pid=0797301468 HTTP/1.1" 200 587 "-" "-"
localhost:80 192.168.208.1 - - [09/Jul/2020:15:31:52 +0000] "POST /activity/notifications/update HTTP/1.1" 200 453 "http://www.dandoenwedat.com/events/dashboard/create-ticket/weekend-ardennen" "Mozilla/5.0 (Windows NT 10.0; Win64; x64; rv:78.0) Gecko/20100101 Firefox/78.0"
localhost:80 127.0.0.1 - - [09/Jul/2020:17:37:52 +0000] "GET /utility/tasks?notrigger=1&key=7978abcd&pid=0013009403 HTTP/1.1" 200 587 "-" "-"
localhost:80 192.168.208.1 - - [09/Jul/2020:17:37:29 +0000] "GET / HTTP/1.1" 200 9658 "-" "Mozilla/5.0 (Windows NT 10.0; Win64; x64; rv:78.0) Gecko/20100101 Firefox/78.0"
localhost:80 192.168.208.1 - - [09/Jul/2020:17:38:00 +0000] "GET /application/modules/Sesbasic/externals/scripts/hashtag/hashtags.js?c=75 HTTP/1.1" 200 806 "http://www.dandoenwedat.com/" "Mozilla/5.0 (Windows NT 10.0; Win64; x64; rv:78.0) Gecko/20100101 Firefox/78.0"
localhost:80 192.168.208.1 - - [09/Jul/2020:17:38:00 +0000] "GET /application/modules/Seseventticket/externals/scripts/core.js?c=75 HTTP/1.1" 200 542 "http://www.dandoenwedat.com/" "Mozilla/5.0 (Windows NT 10.0; Win64; x64; rv:78.0) Gecko/20100101 Firefox/78.0"
localhost:80 192.168.208.1 - - [09/Jul/2020:17:38:00 +0000] "GET /application/modules/Sesevent/externals/scripts/slick/slick.js?c=75 HTTP/1.1" 200 14078 "http://www.dandoenwedat.com/" "Mozilla/5.0 (Windows NT 10.0; Win64; x64; rv:78.0) Gecko/20100101 Firefox/78.0"
localhost:80 192.168.208.1 - - [09/Jul/2020:17:38:00 +0000] "GET /application/css.php?request=application/themes/serenity/theme.css&c=75 HTTP/1.1" 200 4001 "http://www.dandoenwedat.com/" "Mozilla/5.0 (Windows NT 10.0; Win64; x64; rv:78.0) Gecko/20100101 Firefox/78.0"
localhost:80 192.168.208.1 - - [09/Jul/2020:17:38:02 +0000] "GET /public/user/f0/02/59c6556c86a874372d7c3bc7acfa484e.jpg HTTP/1.1" 200 2931 "http://www.dandoenwedat.com/" "Mozilla/5.0 (Windows NT 10.0; Win64; x64; rv:78.0) Gecko/20100101 Firefox/78.0"
localhost:80 192.168.208.1 - - [09/Jul/2020:17:38:02 +0000] "GET /public/core_file/1c/01/7752415b59672c1ce61c03ec9b957edd.png HTTP/1.1" 200 52397 "http://www.dandoenwedat.com/" "Mozilla/5.0 (Windows NT 10.0; Win64; x64; rv:78.0) Gecko/20100101 Firefox/78.0"
localhost:80 192.168.208.1 - - [09/Jul/2020:17:38:02 +0000] "GET /application/css.php?request=application%2Fthemes%2Fserenity%2Ftheme.css&c=75&pageStart=0&pageEnd=269956 HTTP/1.1" 200 45025 "http://www.dandoenwedat.com/application/css.php?request=application/themes/serenity/theme.css&c=75" "Mozilla/5.0 (Windows NT 10.0; Win64; x64; rv:78.0) Gecko/20100101 Firefox/78.0"
localhost:80 192.168.208.1 - - [09/Jul/2020:17:38:04 +0000] "GET /application/modules/Core/externals/images/loading.gif HTTP/1.1" 200 1268 "http://www.dandoenwedat.com/" "Mozilla/5.0 (Windows NT 10.0; Win64; x64; rv:78.0) Gecko/20100101 Firefox/78.0"
localhost:80 192.168.208.1 - - [09/Jul/2020:17:38:04 +0000] "GET /public/banner/34/03/caf91cdf82c77709880504cd6aa232d1.jpg HTTP/1.1" 404 498 "http://www.dandoenwedat.com/" "Mozilla/5.0 (Windows NT 10.0; Win64; x64; rv:78.0) Gecko/20100101 Firefox/78.0"
localhost:80 192.168.208.1 - - [09/Jul/2020:17:38:04 +0000] "GET /public/sesevent_event/df/02/2490a2aaf36e6bc042caf27a4ac852c9.jpg HTTP/1.1" 200 15631 "http://www.dandoenwedat.com/" "Mozilla/5.0 (Windows NT 10.0; Win64; x64; rv:78.0) Gecko/20100101 Firefox/78.0"
localhost:80 192.168.208.1 - - [09/Jul/2020:17:38:04 +0000] "GET /public/sesevent_event/0c/03/ab755850606ab835866e04387a613781.jpeg HTTP/1.1" 200 47538 "http://www.dandoenwedat.com/" "Mozilla/5.0 (Windows NT 10.0; Win64; x64; rv:78.0) Gecko/20100101 Firefox/78.0"
localhost:80 192.168.208.1 - - [09/Jul/2020:17:38:04 +0000] "GET /public/sesevent_event/d8/02/8ccee8cd015f87e357ca92d0d8a2572c.jpeg HTTP/1.1" 200 33074 "http://www.dandoenwedat.com/" "Mozilla/5.0 (Windows NT 10.0; Win64; x64; rv:78.0) Gecko/20100101 Firefox/78.0"
localhost:80 192.168.208.1 - - [09/Jul/2020:17:38:04 +0000] "GET /public/sesevent_category/fb/3be9a500304fcd58ce3243b6274d5fd5.jpeg HTTP/1.1" 200 45621 "http://www.dandoenwedat.com/" "Mozilla/5.0 (Windows NT 10.0; Win64; x64; rv:78.0) Gecko/20100101 Firefox/78.0"
localhost:80 192.168.208.1 - - [09/Jul/2020:17:38:04 +0000] "GET /public/sesevent_category/f5/504359d92903a11f6e3ef18c00ad7e60.jpeg HTTP/1.1" 200 35636 "http://www.dandoenwedat.com/" "Mozilla/5.0 (Windows NT 10.0; Win64; x64; rv:78.0) Gecko/20100101 Firefox/78.0"
localhost:80 192.168.208.1 - - [09/Jul/2020:17:38:04 +0000] "GET /public/sesevent_category/29/01/53227959126df5be3398c4c003b8b031.jpeg HTTP/1.1" 200 39883 "http://www.dandoenwedat.com/" "Mozilla/5.0 (Windows NT 10.0; Win64; x64; rv:78.0) Gecko/20100101 Firefox/78.0"
localhost:80 192.168.208.1 - - [09/Jul/2020:17:38:04 +0000] "GET /public/sesevent_category/26/01/2598bb6a40ad850e677549b5b81cd2bd.jpeg HTTP/1.1" 200 42838 "http://www.dandoenwedat.com/" "Mozilla/5.0 (Windows NT 10.0; Win64; x64; rv:78.0) Gecko/20100101 Firefox/78.0"
localhost:80 192.168.208.1 - - [09/Jul/2020:17:38:04 +0000] "GET /public/sesevent_category/08/01/99e93aeced9495a0c6af6be4a99eaeef.jpeg HTTP/1.1" 200 39074 "http://www.dandoenwedat.com/" "Mozilla/5.0 (Windows NT 10.0; Win64; x64; rv:78.0) Gecko/20100101 Firefox/78.0"
localhost:80 192.168.208.1 - - [09/Jul/2020:17:38:04 +0000] "GET /public/sesevent_category/fe/f8289c19014352cbef42f01670aeb5c6.jpeg HTTP/1.1" 200 24179 "http://www.dandoenwedat.com/" "Mozilla/5.0 (Windows NT 10.0; Win64; x64; rv:78.0) Gecko/20100101 Firefox/78.0"
localhost:80 192.168.208.1 - - [09/Jul/2020:17:38:04 +0000] "GET /public/sesevent_category/05/01/4ce06a5b2dff9bc53fa7b9634502b834.jpeg HTTP/1.1" 200 48736 "http://www.dandoenwedat.com/" "Mozilla/5.0 (Windows NT 10.0; Win64; x64; rv:78.0) Gecko/20100101 Firefox/78.0"
localhost:80 192.168.208.1 - - [09/Jul/2020:17:38:04 +0000] "GET /public/sesevent_category/02/01/cefa116f7a42d24980b75bba38d8e92c.jpeg HTTP/1.1" 200 58810 "http://www.dandoenwedat.com/" "Mozilla/5.0 (Windows NT 10.0; Win64; x64; rv:78.0) Gecko/20100101 Firefox/78.0"
localhost:80 127.0.0.1 - - [09/Jul/2020:17:38:10 +0000] "OPTIONS * HTTP/1.0" 200 126 "-" "Apache/2.4.38 (Debian) PHP/7.4.7 (internal dummy connection)"
localhost:80 127.0.0.1 - - [09/Jul/2020:17:41:13 +0000] "GET /utility/tasks?notrigger=1&key=7978abcd&pid=1927706454 HTTP/1.1" 200 587 "-" "-"
localhost:80 192.168.208.1 - - [09/Jul/2020:17:41:04 +0000] "GET /login/return_url/64-Lw%3D%3D HTTP/1.1" 200 7259 "http://www.dandoenwedat.com/" "Mozilla/5.0 (Windows NT 10.0; Win64; x64; rv:78.0) Gecko/20100101 Firefox/78.0"
localhost:80 192.168.208.1 - - [09/Jul/2020:17:41:18 +0000] "GET /public/core_file/e2/15559fd136d85861f1674747cfdbdbd3.jpeg HTTP/1.1" 200 724594 "http://www.dandoenwedat.com/login/return_url/64-Lw%3D%3D" "Mozilla/5.0 (Windows NT 10.0; Win64; x64; rv:78.0) Gecko/20100101 Firefox/78.0"
localhost:80 192.168.208.1 - - [09/Jul/2020:17:41:11 +0000] "GET / HTTP/1.1" 200 10074 "-" "Mozilla/5.0 (Windows NT 10.0; Win64; x64; rv:78.0) Gecko/20100101 Firefox/78.0"
localhost:80 192.168.208.1 - - [09/Jul/2020:17:41:18 +0000] "GET /application/modules/Sesbasic/externals/styles/emoji.css?c=75 HTTP/1.1" 200 2715 "http://www.dandoenwedat.com/" "Mozilla/5.0 (Windows NT 10.0; Win64; x64; rv:78.0) Gecko/20100101 Firefox/78.0"
localhost:80 192.168.208.1 - - [09/Jul/2020:17:41:18 +0000] "GET /application/modules/Sesbasic/externals/styles/mention/jquery.mentionsInput.css?c=75 HTTP/1.1" 200 1017 "http://www.dandoenwedat.com/" "Mozilla/5.0 (Windows NT 10.0; Win64; x64; rv:78.0) Gecko/20100101 Firefox/78.0"
localhost:80 192.168.208.1 - - [09/Jul/2020:17:41:18 +0000] "GET /externals/font-awesome/css/all.min.css?c=75 HTTP/1.1" 200 12763 "http://www.dandoenwedat.com/" "Mozilla/5.0 (Windows NT 10.0; Win64; x64; rv:78.0) Gecko/20100101 Firefox/78.0"
localhost:80 192.168.208.1 - - [09/Jul/2020:17:41:18 +0000] "GET /application/modules/Sesadvancedcomment/externals/styles/styles.css?c=75 HTTP/1.1" 200 4726 "http://www.dandoenwedat.com/" "Mozilla/5.0 (Windows NT 10.0; Win64; x64; rv:78.0) Gecko/20100101 Firefox/78.0"
localhost:80 192.168.208.1 - - [09/Jul/2020:17:41:18 +0000] "GET /application/modules/Sesadvancedactivity/externals/styles/styles.css?c=75 HTTP/1.1" 200 18573 "http://www.dandoenwedat.com/" "Mozilla/5.0 (Windows NT 10.0; Win64; x64; rv:78.0) Gecko/20100101 Firefox/78.0"
localhost:80 192.168.208.1 - - [09/Jul/2020:17:41:18 +0000] "GET /application/modules/Sesbasic/externals/styles/customscrollbar.css?c=75 HTTP/1.1" 200 5914 "http://www.dandoenwedat.com/" "Mozilla/5.0 (Windows NT 10.0; Win64; x64; rv:78.0) Gecko/20100101 Firefox/78.0"
localhost:80 192.168.208.1 - - [09/Jul/2020:17:41:18 +0000] "GET /application/modules/Sesbasic/externals/styles/tooltip/tooltipster.css?c=75 HTTP/1.1" 200 3533 "http://www.dandoenwedat.com/" "Mozilla/5.0 (Windows NT 10.0; Win64; x64; rv:78.0) Gecko/20100101 Firefox/78.0"
localhost:80 192.168.208.1 - - [09/Jul/2020:17:41:18 +0000] "GET /application/modules/Sespwa/externals/styles/styles.css?c=75 HTTP/1.1" 200 1606 "http://www.dandoenwedat.com/" "Mozilla/5.0 (Windows NT 10.0; Win64; x64; rv:78.0) Gecko/20100101 Firefox/78.0"
localhost:80 192.168.208.1 - - [09/Jul/2020:17:41:18 +0000] "GET /application/modules/Sesbasic/externals/styles/styles.css?c=75 HTTP/1.1" 200 3646 "http://www.dandoenwedat.com/" "Mozilla/5.0 (Windows NT 10.0; Win64; x64; rv:78.0) Gecko/20100101 Firefox/78.0"
localhost:80 192.168.208.1 - - [09/Jul/2020:17:41:18 +0000] "GET /application/modules/Sesbasic/externals/styles/medialightbox.css?c=75 HTTP/1.1" 200 3396 "http://www.dandoenwedat.com/" "Mozilla/5.0 (Windows NT 10.0; Win64; x64; rv:78.0) Gecko/20100101 Firefox/78.0"
localhost:80 192.168.208.1 - - [09/Jul/2020:17:41:18 +0000] "GET /application/modules/Sesevent/externals/styles/styles.css?c=75 HTTP/1.1" 200 18217 "http://www.dandoenwedat.com/" "Mozilla/5.0 (Windows NT 10.0; Win64; x64; rv:78.0) Gecko/20100101 Firefox/78.0"
localhost:80 192.168.208.1 - - [09/Jul/2020:17:41:19 +0000] "GET /externals/chootools/chootools.js?c=75 HTTP/1.1" 200 8777 "http://www.dandoenwedat.com/" "Mozilla/5.0 (Windows NT 10.0; Win64; x64; rv:78.0) Gecko/20100101 Firefox/78.0"
localhost:80 192.168.208.1 - - [09/Jul/2020:17:41:19 +0000] "GET /application/modules/User/externals/scripts/core.js?c=75 HTTP/1.1" 200 2374 "http://www.dandoenwedat.com/" "Mozilla/5.0 (Windows NT 10.0; Win64; x64; rv:78.0) Gecko/20100101 Firefox/78.0"
localhost:80 192.168.208.1 - - [09/Jul/2020:17:41:18 +0000] "GET /externals/jQuery/jquery.min.js?c=75 HTTP/1.1" 200 34209 "http://www.dandoenwedat.com/" "Mozilla/5.0 (Windows NT 10.0; Win64; x64; rv:78.0) Gecko/20100101 Firefox/78.0"
localhost:80 192.168.208.1 - - [09/Jul/2020:17:41:19 +0000] "GET /externals/smoothbox/smoothbox4.js?c=75 HTTP/1.1" 200 4218 "http://www.dandoenwedat.com/" "Mozilla/5.0 (Windows NT 10.0; Win64; x64; rv:78.0) Gecko/20100101 Firefox/78.0"
localhost:80 192.168.208.1 - - [09/Jul/2020:17:41:19 +0000] "GET /externals/mootools/mootools-more-1.4.0.1-full-compat-yc.js?c=75 HTTP/1.1" 200 43771 "http://www.dandoenwedat.com/" "Mozilla/5.0 (Windows NT 10.0; Win64; x64; rv:78.0) Gecko/20100101 Firefox/78.0"
localhost:80 192.168.208.1 - - [09/Jul/2020:17:41:19 +0000] "GET /externals/scrollbars/scrollbars.min.js?c=75 HTTP/1.1" 200 3277 "http://www.dandoenwedat.com/" "Mozilla/5.0 (Windows NT 10.0; Win64; x64; rv:78.0) Gecko/20100101 Firefox/78.0"
localhost:80 192.168.208.1 - - [09/Jul/2020:17:41:19 +0000] "GET /application/modules/Activity/externals/scripts/core.js?c=75 HTTP/1.1" 200 4647 "http://www.dandoenwedat.com/" "Mozilla/5.0 (Windows NT 10.0; Win64; x64; rv:78.0) Gecko/20100101 Firefox/78.0"
localhost:80 192.168.208.1 - - [09/Jul/2020:17:41:19 +0000] "GET /application/modules/Sesbasic/externals/scripts/tooltip.js?c=75 HTTP/1.1" 200 6776 "http://www.dandoenwedat.com/" "Mozilla/5.0 (Windows NT 10.0; Win64; x64; rv:78.0) Gecko/20100101 Firefox/78.0"
localhost:80 192.168.208.1 - - [09/Jul/2020:17:41:19 +0000] "GET /application/modules/Sesbasic/externals/scripts/sesJquery.js?c=75 HTTP/1.1" 200 33838 "http://www.dandoenwedat.com/" "Mozilla/5.0 (Windows NT 10.0; Win64; x64; rv:78.0) Gecko/20100101 Firefox/78.0"
localhost:80 192.168.208.1 - - [09/Jul/2020:17:41:19 +0000] "GET /application/modules/Sesbasic/externals/scripts/jquery.tooltip.js?c=75 HTTP/1.1" 200 75079 "http://www.dandoenwedat.com/" "Mozilla/5.0 (Windows NT 10.0; Win64; x64; rv:78.0) Gecko/20100101 Firefox/78.0"
localhost:80 192.168.208.1 - - [09/Jul/2020:17:41:19 +0000] "GET /application/modules/Sesadvancedactivity/externals/scripts/core.js?c=75 HTTP/1.1" 200 10366 "http://www.dandoenwedat.com/" "Mozilla/5.0 (Windows NT 10.0; Win64; x64; rv:78.0) Gecko/20100101 Firefox/78.0"
localhost:80 192.168.208.1 - - [09/Jul/2020:17:41:19 +0000] "GET /application/modules/Sesbasic/externals/scripts/hashtag/autosize.min.js?c=75 HTTP/1.1" 200 1308 "http://www.dandoenwedat.com/" "Mozilla/5.0 (Windows NT 10.0; Win64; x64; rv:78.0) Gecko/20100101 Firefox/78.0"
localhost:80 192.168.208.1 - - [09/Jul/2020:17:41:19 +0000] "GET /application/modules/Sesbasic/externals/scripts/hashtag/hashtags.js?c=75 HTTP/1.1" 200 805 "http://www.dandoenwedat.com/" "Mozilla/5.0 (Windows NT 10.0; Win64; x64; rv:78.0) Gecko/20100101 Firefox/78.0"
localhost:80 192.168.208.1 - - [09/Jul/2020:17:41:19 +0000] "GET /application/modules/Core/externals/scripts/core.js?c=75 HTTP/1.1" 200 6836 "http://www.dandoenwedat.com/" "Mozilla/5.0 (Windows NT 10.0; Win64; x64; rv:78.0) Gecko/20100101 Firefox/78.0"
localhost:80 192.168.208.1 - - [09/Jul/2020:17:41:19 +0000] "GET /application/modules/Sesbasic/externals/scripts/member/membership.js?c=75 HTTP/1.1" 200 1290 "http://www.dandoenwedat.com/" "Mozilla/5.0 (Windows NT 10.0; Win64; x64; rv:78.0) Gecko/20100101 Firefox/78.0"
localhost:80 192.168.208.1 - - [09/Jul/2020:17:41:19 +0000] "GET /externals/mootools/mootools-core-1.4.5-full-compat-yc.js?c=75 HTTP/1.1" 200 31525 "http://www.dandoenwedat.com/" "Mozilla/5.0 (Windows NT 10.0; Win64; x64; rv:78.0) Gecko/20100101 Firefox/78.0"
localhost:80 192.168.208.1 - - [09/Jul/2020:17:41:19 +0000] "GET /application/modules/Sesadvancedcomment/externals/scripts/core.js?c=75 HTTP/1.1" 200 14607 "http://www.dandoenwedat.com/" "Mozilla/5.0 (Windows NT 10.0; Win64; x64; rv:78.0) Gecko/20100101 Firefox/78.0"
localhost:80 192.168.208.1 - - [09/Jul/2020:17:41:19 +0000] "GET /application/modules/Sesadvancedcomment/externals/scripts/owl.carousel.min.js?c=75 HTTP/1.1" 200 6907 "http://www.dandoenwedat.com/" "Mozilla/5.0 (Windows NT 10.0; Win64; x64; rv:78.0) Gecko/20100101 Firefox/78.0"
localhost:80 192.168.208.1 - - [09/Jul/2020:17:41:19 +0000] "GET /application/modules/Sesbasic/externals/scripts/customscrollbar.concat.min.js?c=75 HTTP/1.1" 200 12785 "http://www.dandoenwedat.com/" "Mozilla/5.0 (Windows NT 10.0; Win64; x64; rv:78.0) Gecko/20100101 Firefox/78.0"
localhost:80 192.168.208.1 - - [09/Jul/2020:17:41:19 +0000] "GET /application/modules/Sesbasic/externals/scripts/core.js?c=75 HTTP/1.1" 200 3749 "http://www.dandoenwedat.com/" "Mozilla/5.0 (Windows NT 10.0; Win64; x64; rv:78.0) Gecko/20100101 Firefox/78.0"
localhost:80 192.168.208.1 - - [09/Jul/2020:17:41:19 +0000] "GET /application/modules/Sesbasic/externals/scripts/mention/jquery.mentionsInput.js?c=75 HTTP/1.1" 200 11843 "http://www.dandoenwedat.com/" "Mozilla/5.0 (Windows NT 10.0; Win64; x64; rv:78.0) Gecko/20100101 Firefox/78.0"
localhost:80 192.168.208.1 - - [09/Jul/2020:17:41:19 +0000] "GET /application/modules/Sesbasic/externals/scripts/sessmoothbox/sessmoothbox.js?c=75 HTTP/1.1" 200 2548 "http://www.dandoenwedat.com/" "Mozilla/5.0 (Windows NT 10.0; Win64; x64; rv:78.0) Gecko/20100101 Firefox/78.0"
localhost:80 192.168.208.1 - - [09/Jul/2020:17:41:19 +0000] "GET /application/modules/Sesbasic/externals/scripts/mention/underscore-min.js?c=75 HTTP/1.1" 200 6264 "http://www.dandoenwedat.com/" "Mozilla/5.0 (Windows NT 10.0; Win64; x64; rv:78.0) Gecko/20100101 Firefox/78.0"
localhost:80 192.168.208.1 - - [09/Jul/2020:17:41:19 +0000] "GET /application/modules/Sesbasic/externals/scripts/jquery.min.js?c=75 HTTP/1.1" 200 33609 "http://www.dandoenwedat.com/" "Mozilla/5.0 (Windows NT 10.0; Win64; x64; rv:78.0) Gecko/20100101 Firefox/78.0"
localhost:80 192.168.208.1 - - [09/Jul/2020:17:41:19 +0000] "GET /application/modules/Sesbasic/externals/scripts/jquery.flex-images.js?c=75 HTTP/1.1" 200 1720 "http://www.dandoenwedat.com/" "Mozilla/5.0 (Windows NT 10.0; Win64; x64; rv:78.0) Gecko/20100101 Firefox/78.0"
localhost:80 192.168.208.1 - - [09/Jul/2020:17:41:19 +0000] "GET /application/modules/Seseventticket/externals/scripts/core.js?c=75 HTTP/1.1" 200 541 "http://www.dandoenwedat.com/" "Mozilla/5.0 (Windows NT 10.0; Win64; x64; rv:78.0) Gecko/20100101 Firefox/78.0"
localhost:80 192.168.208.1 - - [09/Jul/2020:17:41:19 +0000] "GET /application/modules/Sesbasic/externals/scripts/tooltip/jquery.tooltipster.js?c=75 HTTP/1.1" 200 12333 "http://www.dandoenwedat.com/" "Mozilla/5.0 (Windows NT 10.0; Win64; x64; rv:78.0) Gecko/20100101 Firefox/78.0"
localhost:80 192.168.208.1 - - [09/Jul/2020:17:41:19 +0000] "GET /application/modules/Sescredit/externals/scripts/core.js?c=75 HTTP/1.1" 200 1343 "http://www.dandoenwedat.com/" "Mozilla/5.0 (Windows NT 10.0; Win64; x64; rv:78.0) Gecko/20100101 Firefox/78.0"
localhost:80 192.168.208.1 - - [09/Jul/2020:17:41:19 +0000] "GET /application/modules/Sesevent/externals/scripts/slick/slick.js?c=75 HTTP/1.1" 200 14077 "http://www.dandoenwedat.com/" "Mozilla/5.0 (Windows NT 10.0; Win64; x64; rv:78.0) Gecko/20100101 Firefox/78.0"
localhost:80 192.168.208.1 - - [09/Jul/2020:17:41:19 +0000] "GET /application/modules/Sesbasic/externals/scripts/zoom-image/wheelzoom.js?c=75 HTTP/1.1" 200 2135 "http://www.dandoenwedat.com/" "Mozilla/5.0 (Windows NT 10.0; Win64; x64; rv:78.0) Gecko/20100101 Firefox/78.0"
localhost:80 192.168.208.1 - - [09/Jul/2020:17:41:19 +0000] "GET /application/modules/Sesevent/externals/scripts/core.js?c=75 HTTP/1.1" 200 2782 "http://www.dandoenwedat.com/" "Mozilla/5.0 (Windows NT 10.0; Win64; x64; rv:78.0) Gecko/20100101 Firefox/78.0"
localhost:80 192.168.208.1 - - [09/Jul/2020:17:41:19 +0000] "GET /application/modules/Sesbasic/externals/scripts/sesimagevieweradvance/sesalbumimageviewerbasic.js?c=75 HTTP/1.1" 200 5834 "http://www.dandoenwedat.com/" "Mozilla/5.0 (Windows NT 10.0; Win64; x64; rv:78.0) Gecko/20100101 Firefox/78.0"
localhost:80 192.168.208.1 - - [09/Jul/2020:17:41:19 +0000] "GET /application/modules/Sesgdpr/externals/scripts/core.js?c=75 HTTP/1.1" 200 1303 "http://www.dandoenwedat.com/" "Mozilla/5.0 (Windows NT 10.0; Win64; x64; rv:78.0) Gecko/20100101 Firefox/78.0"
localhost:80 192.168.208.1 - - [09/Jul/2020:17:41:19 +0000] "GET /application/modules/Sesbasic/externals/scripts/jquery1.11.js?c=75 HTTP/1.1" 200 33819 "http://www.dandoenwedat.com/" "Mozilla/5.0 (Windows NT 10.0; Win64; x64; rv:78.0) Gecko/20100101 Firefox/78.0"
localhost:80 192.168.208.1 - - [09/Jul/2020:17:41:18 +0000] "GET /application/css.php?request=application/themes/serenity/theme.css&c=75 HTTP/1.1" 200 4001 "http://www.dandoenwedat.com/" "Mozilla/5.0 (Windows NT 10.0; Win64; x64; rv:78.0) Gecko/20100101 Firefox/78.0"
localhost:80 192.168.208.1 - - [09/Jul/2020:17:41:20 +0000] "GET /public/user/f0/02/59c6556c86a874372d7c3bc7acfa484e.jpg HTTP/1.1" 200 2930 "http://www.dandoenwedat.com/" "Mozilla/5.0 (Windows NT 10.0; Win64; x64; rv:78.0) Gecko/20100101 Firefox/78.0"
localhost:80 192.168.208.1 - - [09/Jul/2020:17:41:20 +0000] "GET /public/core_file/1c/01/7752415b59672c1ce61c03ec9b957edd.png HTTP/1.1" 200 52396 "http://www.dandoenwedat.com/" "Mozilla/5.0 (Windows NT 10.0; Win64; x64; rv:78.0) Gecko/20100101 Firefox/78.0"
localhost:80 192.168.208.1 - - [09/Jul/2020:17:41:20 +0000] "GET /application/css.php?request=application%2Fthemes%2Fserenity%2Ftheme.css&c=75&pageStart=0&pageEnd=269956 HTTP/1.1" 200 45025 "http://www.dandoenwedat.com/application/css.php?request=application/themes/serenity/theme.css&c=75" "Mozilla/5.0 (Windows NT 10.0; Win64; x64; rv:78.0) Gecko/20100101 Firefox/78.0"
localhost:80 192.168.208.1 - - [09/Jul/2020:17:41:22 +0000] "GET /favicon.ico?c=75 HTTP/1.1" 200 1436 "-" "Mozilla/5.0 (Windows NT 10.0; Win64; x64; rv:78.0) Gecko/20100101 Firefox/78.0"
localhost:80 192.168.208.1 - - [09/Jul/2020:17:41:22 +0000] "GET /application/modules/Core/externals/images/loading.gif HTTP/1.1" 200 1268 "http://www.dandoenwedat.com/" "Mozilla/5.0 (Windows NT 10.0; Win64; x64; rv:78.0) Gecko/20100101 Firefox/78.0"
localhost:80 192.168.208.1 - - [09/Jul/2020:17:41:22 +0000] "GET /externals/font-awesome/fonts/fa-solid-900.woff2 HTTP/1.1" 200 76003 "http://www.dandoenwedat.com/externals/font-awesome/css/all.min.css?c=75" "Mozilla/5.0 (Windows NT 10.0; Win64; x64; rv:78.0) Gecko/20100101 Firefox/78.0"
localhost:80 192.168.208.1 - - [09/Jul/2020:17:41:22 +0000] "GET /public/banner/34/03/caf91cdf82c77709880504cd6aa232d1.jpg HTTP/1.1" 404 498 "http://www.dandoenwedat.com/" "Mozilla/5.0 (Windows NT 10.0; Win64; x64; rv:78.0) Gecko/20100101 Firefox/78.0"
localhost:80 192.168.208.1 - - [09/Jul/2020:17:41:22 +0000] "GET /public/sesevent_event/df/02/2490a2aaf36e6bc042caf27a4ac852c9.jpg HTTP/1.1" 200 15631 "http://www.dandoenwedat.com/" "Mozilla/5.0 (Windows NT 10.0; Win64; x64; rv:78.0) Gecko/20100101 Firefox/78.0"
localhost:80 192.168.208.1 - - [09/Jul/2020:17:41:22 +0000] "GET /public/sesevent_event/0c/03/ab755850606ab835866e04387a613781.jpeg HTTP/1.1" 200 47538 "http://www.dandoenwedat.com/" "Mozilla/5.0 (Windows NT 10.0; Win64; x64; rv:78.0) Gecko/20100101 Firefox/78.0"
localhost:80 192.168.208.1 - - [09/Jul/2020:17:41:22 +0000] "GET /public/sesevent_event/d8/02/8ccee8cd015f87e357ca92d0d8a2572c.jpeg HTTP/1.1" 200 33073 "http://www.dandoenwedat.com/" "Mozilla/5.0 (Windows NT 10.0; Win64; x64; rv:78.0) Gecko/20100101 Firefox/78.0"
localhost:80 192.168.208.1 - - [09/Jul/2020:17:41:22 +0000] "GET /externals/font-awesome/fonts/fa-regular-400.woff2 HTTP/1.1" 200 13858 "http://www.dandoenwedat.com/externals/font-awesome/css/all.min.css?c=75" "Mozilla/5.0 (Windows NT 10.0; Win64; x64; rv:78.0) Gecko/20100101 Firefox/78.0"
localhost:80 192.168.208.1 - - [09/Jul/2020:17:41:22 +0000] "GET /public/sesevent_category/fb/3be9a500304fcd58ce3243b6274d5fd5.jpeg HTTP/1.1" 200 45621 "http://www.dandoenwedat.com/" "Mozilla/5.0 (Windows NT 10.0; Win64; x64; rv:78.0) Gecko/20100101 Firefox/78.0"
localhost:80 192.168.208.1 - - [09/Jul/2020:17:41:22 +0000] "GET /public/sesevent_category/f5/504359d92903a11f6e3ef18c00ad7e60.jpeg HTTP/1.1" 200 35635 "http://www.dandoenwedat.com/" "Mozilla/5.0 (Windows NT 10.0; Win64; x64; rv:78.0) Gecko/20100101 Firefox/78.0"
localhost:80 192.168.208.1 - - [09/Jul/2020:17:41:22 +0000] "GET /public/sesevent_category/26/01/2598bb6a40ad850e677549b5b81cd2bd.jpeg HTTP/1.1" 200 42838 "http://www.dandoenwedat.com/" "Mozilla/5.0 (Windows NT 10.0; Win64; x64; rv:78.0) Gecko/20100101 Firefox/78.0"
localhost:80 192.168.208.1 - - [09/Jul/2020:17:41:22 +0000] "GET /public/sesevent_category/29/01/53227959126df5be3398c4c003b8b031.jpeg HTTP/1.1" 200 39883 "http://www.dandoenwedat.com/" "Mozilla/5.0 (Windows NT 10.0; Win64; x64; rv:78.0) Gecko/20100101 Firefox/78.0"
localhost:80 192.168.208.1 - - [09/Jul/2020:17:41:22 +0000] "GET /public/sesevent_category/08/01/99e93aeced9495a0c6af6be4a99eaeef.jpeg HTTP/1.1" 200 39074 "http://www.dandoenwedat.com/" "Mozilla/5.0 (Windows NT 10.0; Win64; x64; rv:78.0) Gecko/20100101 Firefox/78.0"
localhost:80 192.168.208.1 - - [09/Jul/2020:17:41:22 +0000] "GET /public/sesevent_category/05/01/4ce06a5b2dff9bc53fa7b9634502b834.jpeg HTTP/1.1" 200 48736 "http://www.dandoenwedat.com/" "Mozilla/5.0 (Windows NT 10.0; Win64; x64; rv:78.0) Gecko/20100101 Firefox/78.0"
localhost:80 192.168.208.1 - - [09/Jul/2020:17:41:22 +0000] "GET /public/sesevent_category/fe/f8289c19014352cbef42f01670aeb5c6.jpeg HTTP/1.1" 200 24178 "http://www.dandoenwedat.com/" "Mozilla/5.0 (Windows NT 10.0; Win64; x64; rv:78.0) Gecko/20100101 Firefox/78.0"
localhost:80 192.168.208.1 - - [09/Jul/2020:17:41:22 +0000] "GET /public/sesevent_category/02/01/cefa116f7a42d24980b75bba38d8e92c.jpeg HTTP/1.1" 200 58810 "http://www.dandoenwedat.com/" "Mozilla/5.0 (Windows NT 10.0; Win64; x64; rv:78.0) Gecko/20100101 Firefox/78.0"
localhost:80 192.168.208.1 - - [09/Jul/2020:17:41:22 +0000] "GET /externals/font-awesome/fonts/fa-brands-400.woff2 HTTP/1.1" 200 75611 "http://www.dandoenwedat.com/externals/font-awesome/css/all.min.css?c=75" "Mozilla/5.0 (Windows NT 10.0; Win64; x64; rv:78.0) Gecko/20100101 Firefox/78.0"
localhost:80 127.0.0.1 - - [09/Jul/2020:17:41:28 +0000] "OPTIONS * HTTP/1.0" 200 126 "-" "Apache/2.4.38 (Debian) PHP/7.4.7 (internal dummy connection)"
localhost:80 127.0.0.1 - - [09/Jul/2020:17:41:29 +0000] "OPTIONS * HTTP/1.0" 200 126 "-" "Apache/2.4.38 (Debian) PHP/7.4.7 (internal dummy connection)"
localhost:80 192.168.208.1 - - [09/Jul/2020:17:41:28 +0000] "POST /login HTTP/1.1" 200 7312 "http://www.dandoenwedat.com/login/return_url/64-Lw%3D%3D" "Mozilla/5.0 (Windows NT 10.0; Win64; x64; rv:78.0) Gecko/20100101 Firefox/78.0"
localhost:80 192.168.208.1 - - [09/Jul/2020:17:41:36 +0000] "GET /login/return_url/64-Lw%3D%3D HTTP/1.1" 200 7484 "http://www.dandoenwedat.com/" "Mozilla/5.0 (Windows NT 10.0; Win64; x64; rv:78.0) Gecko/20100101 Firefox/78.0"
localhost:80 192.168.208.1 - - [09/Jul/2020:17:41:44 +0000] "GET /application/modules/Sessociallogin/externals/styles/styles.css?c=75 HTTP/1.1" 200 2302 "http://www.dandoenwedat.com/login/return_url/64-Lw%3D%3D" "Mozilla/5.0 (Windows NT 10.0; Win64; x64; rv:78.0) Gecko/20100101 Firefox/78.0"
localhost:80 192.168.208.1 - - [09/Jul/2020:17:41:44 +0000] "GET /public/core_file/e2/15559fd136d85861f1674747cfdbdbd3.jpeg HTTP/1.1" 200 724595 "http://www.dandoenwedat.com/login/return_url/64-Lw%3D%3D" "Mozilla/5.0 (Windows NT 10.0; Win64; x64; rv:78.0) Gecko/20100101 Firefox/78.0"
localhost:80 127.0.0.1 - - [09/Jul/2020:17:41:50 +0000] "OPTIONS * HTTP/1.0" 200 126 "-" "Apache/2.4.38 (Debian) PHP/7.4.7 (internal dummy connection)"
localhost:80 192.168.208.1 - - [09/Jul/2020:17:41:56 +0000] "POST /login HTTP/1.1" 200 7312 "http://www.dandoenwedat.com/login" "Mozilla/5.0 (Windows NT 10.0; Win64; x64; rv:78.0) Gecko/20100101 Firefox/78.0"
localhost:80 127.0.0.1 - - [09/Jul/2020:17:42:24 +0000] "GET /utility/tasks?notrigger=1&key=7978abcd&pid=1320544154 HTTP/1.1" 200 587 "-" "-"
localhost:80 192.168.208.1 - - [09/Jul/2020:17:42:19 +0000] "POST /login HTTP/1.1" 200 7313 "http://www.dandoenwedat.com/login" "Mozilla/5.0 (Windows NT 10.0; Win64; x64; rv:78.0) Gecko/20100101 Firefox/78.0"
localhost:80 192.168.208.1 - - [09/Jul/2020:17:42:32 +0000] "GET /user/auth/forgot HTTP/1.1" 200 6575 "http://www.dandoenwedat.com/login" "Mozilla/5.0 (Windows NT 10.0; Win64; x64; rv:78.0) Gecko/20100101 Firefox/78.0"
localhost:80 192.168.208.1 - - [09/Jul/2020:17:42:44 +0000] "POST /user/auth/forgot HTTP/1.1" 200 6639 "http://www.dandoenwedat.com/user/auth/forgot" "Mozilla/5.0 (Windows NT 10.0; Win64; x64; rv:78.0) Gecko/20100101 Firefox/78.0"
localhost:80 192.168.208.1 - - [09/Jul/2020:17:50:39 +0000] "POST /login HTTP/1.1" 302 434 "http://www.dandoenwedat.com/login/return_url/64-Lw%3D%3D" "Mozilla/5.0 (Windows NT 10.0; Win64; x64; rv:78.0) Gecko/20100101 Firefox/78.0"
localhost:80 127.0.0.1 - - [09/Jul/2020:17:50:55 +0000] "GET /utility/tasks?notrigger=1&key=7978abcd&pid=0424965577 HTTP/1.1" 200 587 "-" "-"
localhost:80 192.168.208.1 - - [09/Jul/2020:17:50:46 +0000] "GET /members/home HTTP/1.1" 200 10918 "http://www.dandoenwedat.com/login/return_url/64-Lw%3D%3D" "Mozilla/5.0 (Windows NT 10.0; Win64; x64; rv:78.0) Gecko/20100101 Firefox/78.0"
localhost:80 192.168.208.1 - - [09/Jul/2020:17:50:59 +0000] "GET /application/modules/Sesevent/externals/styles/jquery.timepicker.css?c=75 HTTP/1.1" 200 939 "http://www.dandoenwedat.com/members/home" "Mozilla/5.0 (Windows NT 10.0; Win64; x64; rv:78.0) Gecko/20100101 Firefox/78.0"
localhost:80 192.168.208.1 - - [09/Jul/2020:17:50:59 +0000] "GET /application/modules/Sesevent/externals/styles/calendar.css?c=75 HTTP/1.1" 200 1473 "http://www.dandoenwedat.com/members/home" "Mozilla/5.0 (Windows NT 10.0; Win64; x64; rv:78.0) Gecko/20100101 Firefox/78.0"
localhost:80 192.168.208.1 - - [09/Jul/2020:17:50:59 +0000] "GET /application/modules/Sesevent/externals/styles/bootstrap-datepicker.css?c=75 HTTP/1.1" 200 2819 "http://www.dandoenwedat.com/members/home" "Mozilla/5.0 (Windows NT 10.0; Win64; x64; rv:78.0) Gecko/20100101 Firefox/78.0"
localhost:80 192.168.208.1 - - [09/Jul/2020:17:50:59 +0000] "GET /application/modules/Sescredit/externals/styles/styles.css?c=75 HTTP/1.1" 200 6563 "http://www.dandoenwedat.com/members/home" "Mozilla/5.0 (Windows NT 10.0; Win64; x64; rv:78.0) Gecko/20100101 Firefox/78.0"
localhost:80 192.168.208.1 - - [09/Jul/2020:17:50:59 +0000] "GET /application/modules/Sesevent/externals/scripts/jquery.timepicker.js?c=75 HTTP/1.1" 200 7994 "http://www.dandoenwedat.com/members/home" "Mozilla/5.0 (Windows NT 10.0; Win64; x64; rv:78.0) Gecko/20100101 Firefox/78.0"
localhost:80 192.168.208.1 - - [09/Jul/2020:17:50:59 +0000] "GET /application/modules/Sesevent/externals/scripts/bootstrap-datepicker.js?c=75 HTTP/1.1" 200 12608 "http://www.dandoenwedat.com/members/home" "Mozilla/5.0 (Windows NT 10.0; Win64; x64; rv:78.0) Gecko/20100101 Firefox/78.0"
localhost:80 192.168.208.1 - - [09/Jul/2020:17:50:59 +0000] "GET /externals/tinymce/tinymce.min.js?c=75 HTTP/1.1" 200 135814 "http://www.dandoenwedat.com/members/home" "Mozilla/5.0 (Windows NT 10.0; Win64; x64; rv:78.0) Gecko/20100101 Firefox/78.0"
localhost:80 192.168.208.1 - - [09/Jul/2020:17:50:59 +0000] "GET /public/user/31/03/84b90bc606c46403c6f42cdbd450bd08.jpg HTTP/1.1" 404 498 "http://www.dandoenwedat.com/members/home" "Mozilla/5.0 (Windows NT 10.0; Win64; x64; rv:78.0) Gecko/20100101 Firefox/78.0"
localhost:80 192.168.208.1 - - [09/Jul/2020:17:50:59 +0000] "GET /public/user/74/3afbcf6937cd69235ad7fe64a51a82b1.jpg HTTP/1.1" 200 649 "http://www.dandoenwedat.com/members/home" "Mozilla/5.0 (Windows NT 10.0; Win64; x64; rv:78.0) Gecko/20100101 Firefox/78.0"
localhost:80 192.168.208.1 - - [09/Jul/2020:17:50:59 +0000] "GET /public/user/80/4345ade643e8a8a5d00d7ead787f673f.jpg HTTP/1.1" 200 650 "http://www.dandoenwedat.com/members/home" "Mozilla/5.0 (Windows NT 10.0; Win64; x64; rv:78.0) Gecko/20100101 Firefox/78.0"
localhost:80 192.168.208.1 - - [09/Jul/2020:17:50:59 +0000] "GET /public/user/b4/844bcabf369d1adf2fdabe6afd2f87b6.jpg HTTP/1.1" 200 650 "http://www.dandoenwedat.com/members/home" "Mozilla/5.0 (Windows NT 10.0; Win64; x64; rv:78.0) Gecko/20100101 Firefox/78.0"
localhost:80 192.168.208.1 - - [09/Jul/2020:17:50:59 +0000] "GET /public/user/20/01/7b303ec453ea4c3ed2d4caaebaccd04a.jpg HTTP/1.1" 200 1657 "http://www.dandoenwedat.com/members/home" "Mozilla/5.0 (Windows NT 10.0; Win64; x64; rv:78.0) Gecko/20100101 Firefox/78.0"
localhost:80 192.168.208.1 - - [09/Jul/2020:17:50:59 +0000] "GET /public/sesevent_event/8f/5fb9fe915a48c54427c689950747a5cb.jpeg HTTP/1.1" 200 32778 "http://www.dandoenwedat.com/members/home" "Mozilla/5.0 (Windows NT 10.0; Win64; x64; rv:78.0) Gecko/20100101 Firefox/78.0"
localhost:80 192.168.208.1 - - [09/Jul/2020:17:50:59 +0000] "GET /public/sesevent_event/ab/b48e792396c0f1ed0e76cf3f14849af9.png HTTP/1.1" 200 2256 "http://www.dandoenwedat.com/members/home" "Mozilla/5.0 (Windows NT 10.0; Win64; x64; rv:78.0) Gecko/20100101 Firefox/78.0"
localhost:80 192.168.208.1 - - [09/Jul/2020:17:50:59 +0000] "GET /public/sesevent_event/c2/02/4b1ffb5b9b78e84bc7a5abc7486fad4f.jpg HTTP/1.1" 200 15631 "http://www.dandoenwedat.com/members/home" "Mozilla/5.0 (Windows NT 10.0; Win64; x64; rv:78.0) Gecko/20100101 Firefox/78.0"
localhost:80 192.168.208.1 - - [09/Jul/2020:17:50:59 +0000] "GET /public/sesevent_event/a7/f62e49c7271cef63c3317f67e7845a96.jpg HTTP/1.1" 200 73220 "http://www.dandoenwedat.com/members/home" "Mozilla/5.0 (Windows NT 10.0; Win64; x64; rv:78.0) Gecko/20100101 Firefox/78.0"
localhost:80 192.168.208.1 - - [09/Jul/2020:17:50:59 +0000] "GET /public/sesevent_event/d7/02/a8ac83e4a4467c52e92addda4cd349e4.jpeg HTTP/1.1" 200 58892 "http://www.dandoenwedat.com/members/home" "Mozilla/5.0 (Windows NT 10.0; Win64; x64; rv:78.0) Gecko/20100101 Firefox/78.0"
localhost:80 192.168.208.1 - - [09/Jul/2020:17:50:59 +0000] "GET /public/sesevent_event/16/01/88f58f8c199dea66490c74acb9e63e03.png HTTP/1.1" 200 32959 "http://www.dandoenwedat.com/members/home" "Mozilla/5.0 (Windows NT 10.0; Win64; x64; rv:78.0) Gecko/20100101 Firefox/78.0"
localhost:80 192.168.208.1 - - [09/Jul/2020:17:50:59 +0000] "GET /public/sesevent_event/98/02e3a9d39a898c1354e0d93ca5af484a.jpg HTTP/1.1" 200 167117 "http://www.dandoenwedat.com/members/home" "Mozilla/5.0 (Windows NT 10.0; Win64; x64; rv:78.0) Gecko/20100101 Firefox/78.0"
localhost:80 192.168.208.1 - - [09/Jul/2020:17:50:59 +0000] "GET /public/sesevent_event/34/01/05cffb7037c6eeafd177e87a3d5471b0.jpeg HTTP/1.1" 200 107733 "http://www.dandoenwedat.com/members/home" "Mozilla/5.0 (Windows NT 10.0; Win64; x64; rv:78.0) Gecko/20100101 Firefox/78.0"
localhost:80 192.168.208.1 - - [09/Jul/2020:17:50:59 +0000] "GET /public/sesevent_event/8b/2fa3335142d5801cd242b5825c764838.png HTTP/1.1" 200 546320 "http://www.dandoenwedat.com/members/home" "Mozilla/5.0 (Windows NT 10.0; Win64; x64; rv:78.0) Gecko/20100101 Firefox/78.0"
localhost:80 192.168.208.1 - - [09/Jul/2020:17:51:00 +0000] "GET /public/user/31/03/84b90bc606c46403c6f42cdbd450bd08.jpg HTTP/1.1" 404 498 "http://www.dandoenwedat.com/members/home" "Mozilla/5.0 (Windows NT 10.0; Win64; x64; rv:78.0) Gecko/20100101 Firefox/78.0"
localhost:80 192.168.208.1 - - [09/Jul/2020:17:51:00 +0000] "GET /application/modules/Sescredit/externals/images/points.png HTTP/1.1" 200 980 "http://www.dandoenwedat.com/application/modules/Sescredit/externals/styles/styles.css?c=75" "Mozilla/5.0 (Windows NT 10.0; Win64; x64; rv:78.0) Gecko/20100101 Firefox/78.0"
localhost:80 192.168.208.1 - - [09/Jul/2020:17:51:00 +0000] "GET /application/modules/Sesevent/externals/images/transprant-bg.png HTTP/1.1" 200 1322 "http://www.dandoenwedat.com/application/modules/Sesevent/externals/styles/calendar.css?c=75" "Mozilla/5.0 (Windows NT 10.0; Win64; x64; rv:78.0) Gecko/20100101 Firefox/78.0"
localhost:80 192.168.208.1 - - [09/Jul/2020:17:51:00 +0000] "POST /activity/notifications/update HTTP/1.1" 200 452 "http://www.dandoenwedat.com/members/home" "Mozilla/5.0 (Windows NT 10.0; Win64; x64; rv:78.0) Gecko/20100101 Firefox/78.0"
localhost:80 127.0.0.1 - - [09/Jul/2020:17:51:11 +0000] "OPTIONS * HTTP/1.0" 200 126 "-" "Apache/2.4.38 (Debian) PHP/7.4.7 (internal dummy connection)"
localhost:80 127.0.0.1 - - [09/Jul/2020:17:52:49 +0000] "GET /utility/tasks?notrigger=1&key=7978abcd&pid=0775843851 HTTP/1.1" 200 587 "-" "-"
localhost:80 192.168.208.1 - - [09/Jul/2020:17:52:35 +0000] "GET /profile/administrator HTTP/1.1" 200 27231 "http://www.dandoenwedat.com/members/home" "Mozilla/5.0 (Windows NT 10.0; Win64; x64; rv:78.0) Gecko/20100101 Firefox/78.0"
localhost:80 192.168.208.1 - - [09/Jul/2020:17:52:52 +0000] "GET /application/modules/Sesbasic/externals/styles/pinboard.css?c=75 HTTP/1.1" 200 1638 "http://www.dandoenwedat.com/profile/administrator" "Mozilla/5.0 (Windows NT 10.0; Win64; x64; rv:78.0) Gecko/20100101 Firefox/78.0"
localhost:80 192.168.208.1 - - [09/Jul/2020:17:52:52 +0000] "GET /application/modules/Core/externals/styles/coverphoto.css?c=75 HTTP/1.1" 200 2346 "http://www.dandoenwedat.com/profile/administrator" "Mozilla/5.0 (Windows NT 10.0; Win64; x64; rv:78.0) Gecko/20100101 Firefox/78.0"
localhost:80 192.168.208.1 - - [09/Jul/2020:17:52:53 +0000] "GET /application/modules/Sesbasic/externals/scripts/pinboardcomment.js?c=75 HTTP/1.1" 200 1646 "http://www.dandoenwedat.com/profile/administrator" "Mozilla/5.0 (Windows NT 10.0; Win64; x64; rv:78.0) Gecko/20100101 Firefox/78.0"
localhost:80 192.168.208.1 - - [09/Jul/2020:17:52:53 +0000] "GET /application/modules/Sesbasic/externals/scripts/imagesloaded.pkgd.js?c=75 HTTP/1.1" 200 7279 "http://www.dandoenwedat.com/profile/administrator" "Mozilla/5.0 (Windows NT 10.0; Win64; x64; rv:78.0) Gecko/20100101 Firefox/78.0"
localhost:80 192.168.208.1 - - [09/Jul/2020:17:52:53 +0000] "GET /application/modules/Sesbasic/externals/scripts/marker.js?c=75 HTTP/1.1" 200 3843 "http://www.dandoenwedat.com/profile/administrator" "Mozilla/5.0 (Windows NT 10.0; Win64; x64; rv:78.0) Gecko/20100101 Firefox/78.0"
localhost:80 192.168.208.1 - - [09/Jul/2020:17:52:53 +0000] "GET /application/modules/Sesbasic/externals/scripts/wookmark.min.js?c=75 HTTP/1.1" 200 7421 "http://www.dandoenwedat.com/profile/administrator" "Mozilla/5.0 (Windows NT 10.0; Win64; x64; rv:78.0) Gecko/20100101 Firefox/78.0"
localhost:80 192.168.208.1 - - [09/Jul/2020:17:52:53 +0000] "GET /application/modules/Sesbasic/externals/scripts/richMarker.js?c=75 HTTP/1.1" 200 5111 "http://www.dandoenwedat.com/profile/administrator" "Mozilla/5.0 (Windows NT 10.0; Win64; x64; rv:78.0) Gecko/20100101 Firefox/78.0"
localhost:80 192.168.208.1 - - [09/Jul/2020:17:52:53 +0000] "GET /application/modules/Core/externals/scripts/coverphoto.js?c=75 HTTP/1.1" 200 1820 "http://www.dandoenwedat.com/profile/administrator" "Mozilla/5.0 (Windows NT 10.0; Win64; x64; rv:78.0) Gecko/20100101 Firefox/78.0"
